#-----------------------------------------------------------
# Vivado v2021.1 (64-bit)
# SW Build 3247384 on Thu Jun 10 19:36:33 MDT 2021
# IP Build 3246043 on Fri Jun 11 00:30:35 MDT 2021
# Start of session at: Mon Nov 15 18:03:13 2021
# Process ID: 8484
# Current directory: C:/Users/John/Desktop/reconig/reconfig/lab5/part2/lab5part2_vivado/lab5part2_vivado.runs/zynq_proc_processing_system7_0_0_synth_1
# Command line: vivado.exe -log zynq_proc_processing_system7_0_0.vds -product Vivado -mode batch -messageDb vivado.pb -notrace -source zynq_proc_processing_system7_0_0.tcl
# Log file: C:/Users/John/Desktop/reconig/reconfig/lab5/part2/lab5part2_vivado/lab5part2_vivado.runs/zynq_proc_processing_system7_0_0_synth_1/zynq_proc_processing_system7_0_0.vds
# Journal file: C:/Users/John/Desktop/reconig/reconfig/lab5/part2/lab5part2_vivado/lab5part2_vivado.runs/zynq_proc_processing_system7_0_0_synth_1\vivado.jou
#-----------------------------------------------------------
source zynq_proc_processing_system7_0_0.tcl -notrace
